<html>
<body>
<pre>
<h1>µVision Build Log</h1>
<h2>Tool Versions:</h2>
IDE-Version: µVision V5.22.0.0
Copyright (C) 2016 ARM Ltd and ARM Germany GmbH. All rights reserved.
License Information: we we, we, LIC=8MZAR-KRIT2-PGF7L-0NAIG-9UMXC-S74JC
 
Tool Versions:
Toolchain:       MDK-ARM Professional  Version: 5.22
Toolchain Path:  C:\Keil_v5_1\ARM\ARMCC\Bin
C Compiler:      Armcc.exe V5.06 update 4 (build 422)
Assembler:       Armasm.exe V5.06 update 4 (build 422)
Linker/Locator:  ArmLink.exe V5.06 update 4 (build 422)
Library Manager: ArmAr.exe V5.06 update 4 (build 422)
Hex Converter:   FromElf.exe V5.06 update 4 (build 422)
CPU DLL:         SARMCM3.DLL V5.22
Dialog DLL:      DARMSTM.DLL V1.67.0.0
Target DLL:      UL2CM3.DLL V1.159.0.0
Dialog DLL:      TARMSTM.DLL V1.66.0.0
 
<h2>Project:</h2>
C:\Users\gokhan\Desktop\STM32F1_MICROSD-master\fat.uvprojx
Project File Date:  06/21/2018

<h2>Output:</h2>
*** Using Compiler 'V5.06 update 4 (build 422)', folder: 'C:\Keil_v5_1\ARM\ARMCC\Bin'
Build target 'Target 1'
compiling SPI_MSD_Driver.c...
linking...
Program Size: Code=10120 RO-data=268 RW-data=88 ZI-data=4880  
".\Objects\fat.axf" - 0 Error(s), 0 Warning(s).

<h2>Collection of Component include folders:</h2>
  C:\Users\gokhan\Desktop\STM32F1_MICROSD-master\RTE\_Target_1
  C:\Keil_v5_1\ARM\PACK\Keil\STM32F1xx_DFP\2.1.0\Device\Include

<h2>Collection of Component Files used:</h2>
Build Time Elapsed:  00:00:01
</pre>
</body>
</html>
